docker : time="2026-04-07T17:56:47-03:00" level=warning msg="C:\\Sistemas\\WebAEE\\docker-compose.yml: the attribute `version` is obsolete, it will be ignored, please remove it to avoid potential confusion"
No linha:1 caractere:1
+ docker compose exec api pytest tests/ -v > pytest.log 2>&1
+ ~~~~~~~~~~~~~~~~~~~~~~~~~~~~~~~~~~~~~~~~~~~~~~~~~~~~~~~~~~
    + CategoryInfo          : NotSpecified: (time="2026-04-0...tial confusion":String) [], RemoteException
    + FullyQualifiedErrorId : NativeCommandError
 
============================= test session starts ==============================
platform linux -- Python 3.12.13, pytest-9.0.3, pluggy-1.6.0
rootdir: /app
configfile: pyproject.toml
plugins: anyio-4.13.0, asyncio-1.3.0, cov-7.1.0
asyncio: mode=Mode.AUTO, debug=False, asyncio_default_fixture_loop_scope=None, asyncio_default_test_loop_scope=function
collected 31 items / 2 errors

==================================== ERRORS ====================================
_________ ERROR collecting tests/integration/test_multi_tenant_api.py __________
ImportError while importing test module '/app/tests/integration/test_multi_tenant_api.py'.
Hint: make sure your test modules/packages have valid Python names.
Traceback:
/usr/local/lib/python3.12/importlib/__init__.py:90: in import_module
    return _bootstrap._gcd_import(name[level:], package, level)
           ^^^^^^^^^^^^^^^^^^^^^^^^^^^^^^^^^^^^^^^^^^^^^^^^^^^^
tests/integration/test_multi_tenant_api.py:9: in <module>
    from app.main import app
app/main.py:18: in <module>
    from app.interfaces.routers import students, schools, photos, reports, auth, users, dashboard, sync
app/interfaces/routers/sync.py:7: in <module>
    from app.domain.entities.student import Student
E   ModuleNotFoundError: No module named 'app.domain.entities.student'
___________ ERROR collecting tests/integration/test_students_api.py ____________
ImportError while importing test module '/app/tests/integration/test_students_api.py'.
Hint: make sure your test modules/packages have valid Python names.
Traceback:
/usr/local/lib/python3.12/importlib/__init__.py:90: in import_module
    return _bootstrap._gcd_import(name[level:], package, level)
           ^^^^^^^^^^^^^^^^^^^^^^^^^^^^^^^^^^^^^^^^^^^^^^^^^^^^
tests/integration/test_students_api.py:9: in <module>
    from app.main import app
app/main.py:18: in <module>
    from app.interfaces.routers import students, schools, photos, reports, auth, users, dashboard, sync
app/interfaces/routers/sync.py:7: in <module>
    from app.domain.entities.student import Student
E   ModuleNotFoundError: No module named 'app.domain.entities.student'
=============================== warnings summary ===============================
../usr/local/lib/python3.12/site-packages/sqlmodel/main.py:583
  /usr/local/lib/python3.12/site-packages/sqlmodel/main.py:583: PydanticDeprecatedSince20: Support for class-based `config` is deprecated, use ConfigDict instead. Deprecated in Pydantic V2.0 to be removed in V3.0. See Pydantic V2 Migration Guide at https://errors.pydantic.dev/2.12/migration/
    "SQLModel", super().__new__(cls, name, bases, dict_used, **config_kwargs)

-- Docs: https://docs.pytest.org/en/stable/how-to/capture-warnings.html
=========================== short test summary info ============================
ERROR tests/integration/test_multi_tenant_api.py
ERROR tests/integration/test_students_api.py
!!!!!!!!!!!!!!!!!!! Interrupted: 2 errors during collection !!!!!!!!!!!!!!!!!!!!
========================= 1 warning, 2 errors in 5.93s =========================
